acatholic 117
acerata 113
acrylonitrile 147
acutate 104
adductive 112
adiadochokinesis 129
adigranth 127
aerical 120
afresh 116
agrostologic 111
ailsyte 114
al 121
amaryllid 112
ambuscade 128
aminosuccinamic 119
amplifier 118
anaxagorean 120
anthroposcopy 128
anticize 125
anticonductor 136
antinomic 112
antiquarian 215
apheta 138
aphrodisiac 137
aporrhaoid 115
appellative 123
argentamine 122
argumentator 129
arreptitious 116
assistency 117
assorted 110
athwartship 133
attorney 107
autoaddress 131
autocytolytic 150
ava 118
ave 108
avolitional 122
baft 141
banqueter 128
barbiton 115
bareboned 125
barriguda 129
basket 109
beamish 129
bearskin 126
beclout 246
bellyache 129
bequirtle 145
bewrayingly 114
bicolored 104
binoxalate 131
bion 114
blocklayer 128
bogway 119
boke 122
brachyceric 134
bronchoscope 135
bunch 115
burn 121
bushbeater 126
butterfly 118
cabin 147
cacopathy 121
calamitousness 130
campimeter 138
caprylyl 125
cardiorespiratory 132
centaur 128
cepaceous 129
cephalosome 142
chalybes 121
changefulness 122
chemiatry 139
chien 127
childbearing 115
christie 113
chromidiogamy 123
chromoxylography 122
circumspatial 115
cisalpine 257
citronwood 120
clang 114
clinic 131
clothesbasket 111
coendure 149
coincider 110
collocatory 132
colloidality 119
colonizer 117
colophon 100
compaction 137
confronter 123
conglomeratic 141
conidiiferous 108
conjointness 131
contrabassist 145
contrarious 232
contrastimulus 115
controversionalist 127
convulsionary 100
couniversal 112
counterswing 135
countertreason 115
coyishness 131
cricopharyngeal 149
crunkle 143
crystallogenical 120
cuckooflower 112
cuculliform 133
curship 136
curvate 258
cycadales 109
cyclamin 100
cystadenosarcoma 125
cystoptosis 118
dadaism 127
dagger 105
dammer 127
darkness 125
deaerator 116
deceptibility 127
decrepitate 135
dedicature 115
dedifferentiate 135
delegacy 114
deobstruct 119
deplete 132
depreter 118
dhoul 120
diadermic 129
diapophysis 123
diatrymiformes 115
diosmosis 139
diphylla 121
disburdenment 126
doorless 137
dorsifixed 116
downtown 126
dragon 123
dunger 136
durandarte 133
dynasty 122
elapine 106
electrolytic 138
empiric 121
encephalomere 132
encoffin 118
enzyme 121
ergonovine 111
eros 142
euchlorhydria 122
euryalus 104
everwhich 107
everwho 117
exemption 122
experimentee 142
eyne 109
fabled 233
fearsomely 131
festinately 263
fibster 110
filletster 122
finiking 135
flabbergast 142
flap 122
flowery 107
footpad 131
fordicidia 127
foreconsent 111
fortunetelling 119
frangibility 124
frowstily 114
gadded 121
geneva 135
germicidal 112
gerund 124
gharry 126
ginnle 127
glaga 134
glassiness 126
gnetum 143
goshenite 117
gracelike 142
graminological 129
granddad 113
grannom 140
graphidiaceae 142
grassworm 131
gruntle 140
gynobaseous 115
haberdash 104
handygrip 122
hawiya 126
heathery 119
heptacolic 135
herbarium 110
himp 148
histozyme 135
holoproteide 109
homotonic 146
hoodwink 143
hormogoneales 133
hoselike 131
hoy 121
humpty 140
hydromedusae 125
hydronitroprussic 121
hyllus 118
hylotheist 140
hypermakroskelic 128
hyposternum 119
hypostyle 124
ichthyomorphic 122
ignipuncture 128
iguania 118
illusionistic 127
illustration 147
immigrant 133
impeccability 129
implex 141
impressional 129
inextensive 133
inflexibility 148
interepimeral 126
intersessional 122
inthronization 114
intramyocardial 127
invariance 138
isologue 136
isorrhythmic 112
issedoi 134
jardiniere 118
jestword 127
jingoism 128
juggins 126
jumpiness 116
jumprock 123
kanten 133
kawchodinne 101
ketimine 115
kibblerman 123
kitish 122
kvinter 116
kyklops 108
kyschtymite 131
lapillo 108
latesome 126
legislatorship 127
lignosulphonate 123
limnological 108
lithological 137
lixivium 109
macrochemistry 124
macroevolution 135
macrognathous 114
malengine 126
margaritiferous 130
maxillomandibular 134
maximize 144
mecometry 133
megalornis 122
melibiose 140
mesostomid 117
metakinesis 126
microglossia 134
micropterus 110
miguel 139
miltwaste 132
misassign 141
misfigure 117
missmark 135
mobbishness 123
molybdomancy 131
momentousness 142
monial 131
monographer 131
moron 120
mortar 114
munandi 128
murph 141
myeloganglitis 109
myoplasm 114
nane 126
natricine 133
neurotomize 120
nitric 132
nitrobacterieae 112
nolition 137
nonallegation 131
nonemendation 136
nonfuroid 136
nonmandatory 125
nonpreformed 113
noter 128
notopterid 118
oboist 119
obversely 129
occupance 118
oecumenicity 136
omnipotentiality 145
oncometric 137
onslaught 142
ophthalmophthisis 126
ortalidian 109
otopathic 126
outcricket 136
outkiss 118
outstand 129
overaccumulation 113
overbulky 131
overconsiderately 120
overget 135
overnoise 133
overplenteously 115
ovogonium 135
oxyrhynchous 145
paddler 131
pahmi 120
palouser 110
pangi 130
pansmith 140
papilliform 148
pathoanatomy 126
pedee 132
pelorization 126
pentaspheric 128
periostitic 116
periscian 117
peritoneoclysis 129
peritoneum 130
peroxidize 129
persicot 139
persulphocyanate 123
petrine 135
phacocyst 124
philippe 119
philonoist 124
phoenicaceous 116
photistic 121
phyllophyte 104
picksomeness 125
pie 108
piking 124
pipestem 121
pitcherlike 114
planetarian 135
planetule 114
plasmosoma 137
plumlet 128
pollinoid 105
polychromate 135
polyphage 115
polypragmatical 148
polyrhizal 144
polytonal 120
prakritic 132
prattle 116
preaggravate 131
precreditor 123
predisagree 112
predisastrous 120
preforgiveness 125
pregranitic 141
profiction 128
proponent 128
proportionably 124
prose 142
prue 120
pseudoanaphylaxis 130
pseudology 135
pucka 143
puffbird 119
pulmonated 122
pupahood 133
quackishly 122
quader 140
quinquevalvous 113
rackmaster 134
raddleman 107
radiata 136
rahdar 115
rameous 128
ramillied 122
ramtil 129
ravenwise 116
receipts 155
rectify 124
recur 124
redargutive 114
rededicate 120
refont 122
rehumble 134
removably 104
repulsiveness 110
restable 106
retire 129
retirer 114
retwine 136
revealingly 119
review 121
rhythm 124
ringster 129
roastable 120
rodding 122
rosewort 128
roundhead 97
rowlandite 109
ruffiano 131
sabbathkeeping 132
sagittaria 129
scapulohumeral 103
scleroblastema 124
scream 137
scurrilist 121
scutulum 120
semilunar 116
semisuspension 134
sempiternal 127
sepicolous 140
septoic 116
sepulcher 152
sexarticulate 132
shabble 104
shapingly 114
shooter 124
sickening 102
siderographic 125
simity 123
simplicidentate 115
singstress 142
sklinter 123
slaistery 127
smallhearted 138
smashing 142
sneezy 116
soarer 125
sociolatry 124
solicitee 131
solmizate 138
somatogenetic 123
specksioneer 131
spell 112
spergula 135
sphaceloderma 124
spillage 128
stalactical 136
stercorariidae 128
stethograph 125
stigmatism 124
strayling 131
streltzi 155
striature 121
struldbruggism 106
stylochus 126
subacademic 115
subattenuated 149
subglabrous 125
subinitial 116
subject 128
sublineation 134
subsidist 137
subsocial 112
substant 139
subsumption 119
subumbellate 125
subvein 125
sulphowolframic 119
superabundantly 124
superexcrescence 126
superlenient 111
supersupremacy 122
surrebuttal 119
swathable 139
switzer 135
syndrome 112
synectic 134
talwar 126
taperingly 129
tasset 105
teliferous 108
telluride 129
temptation 130
tessaradecad 127
tetradecanoic 98
theatrically 128
theocratically 115
therapeutically 124
thereupon 144
therm 131
thoughty 126
thriveless 131
tingle 138
toreador 131
torotoro 145
total 134
toxicogenic 132
trackingscout 119
tragus 147
trailmaking 113
trest 132
trifacial 155
tristram 141
trochili 107
trochilus 119
truncatellidae 100
turpid 129
tuscanism 146
tute 134
tylosteresis 150
tyro 137
ultraplausible 112
uncollectedly 140
unconsolable 133
undercarder 269
underpacking 139
underrower 125
understrain 128
undervaluingly 129
undiscriminatingness 139
unevident 121
unfailingness 118
unfrizz 125
ungalling 125
unglobular 128
unincarnate 120
unlimb 116
unmollifiably 129
unoccupiedness 118
unpapaverous 131
unpark 132
unpartial 133
unplanted 134
unpretermitted 119
unqueried 125
unquestionable 119
unswear 138
untarred 121
unupright 110
urluch 103
urobenzoic 128
uromere 132
ut 109
vaginometer 115
vallicula 133
variolar 106
varment 130
vicissitudinous 142
vimana 136
vindicable 133
vinegerone 100
vinomethylic 132
virginian 112
vituline 124
voluntaryism 113
wagerer 121
warning 117
washingtonia 132
waveless 128
weaponshaw 127
whirlbone 137
widener 128
wigged 130
wildcatter 126
wildering 108
wilton 128
wonted 132
wriest 107
xanthopicrin 126
ximenia 110
yolkiness 129
zealander 131
zepharovichite 126
zoopantheon 119
