absorptiveness 116
acarine 130
acerates 131
acinacifolious 110
acoela 103
acyloxy 148
affinal 114
aion 154
aitchpiece 124
aldhafara 112
alfridary 121
allurer 139
aloed 128
aly 143
amenable 119
anacidity 123
angioplerosis 126
anguineal 131
anodynous 123
anthropos 119
antimetropia 110
anusim 119
aplacophoran 124
appreciably 136
archegoniatae 141
archineuron 141
archoptosis 140
asemia 134
asepsis 119
atacamenan 132
atrioventricular 129
attributive 139
australianism 141
autobiography 126
avicenniaceae 137
bac 106
bacchus 131
badge 115
bailiffry 105
balija 145
bandhook 139
banjore 145
bashful 118
becky 130
bemoult 118
bipinnatiparted 144
bitrochanteric 136
blastomyces 124
blellum 128
blennostatic 123
bluecoat 143
boled 128
bostryx 125
bough 108
boule 132
bridgeable 129
bridgebote 151
brimborium 132
briquette 127
brownie 110
bullom 120
caban 116
capitularly 108
carburizer 131
carmel 133
cascadite 133
caslon 123
catastaltic 152
centistoke 101
cepe 117
cevitamic 113
characterful 124
chico 135
chocho 138
chrism 105
ciconiae 114
circumscriber 229
clotho 120
cobwebbery 130
cocreditor 138
cogrediency 126
colletotrichum 113
connective 133
conocephalum 125
consensus 136
cougnar 116
craniocerebral 108
curie 124
cyclothurus 153
danegeld 134
dead 143
debarment 122
decennially 134
denominationalize 112
dentonasal 115
deputyship 129
determiner 118
dialysepalous 142
diaporthe 122
dicarboxylate 127
digammic 122
dinus 129
diploma 123
disarchbishop 116
disfigurement 126
disleaf 143
disobediently 142
dispondaic 217
dispraiser 124
dizenment 118
docetist 118
dodrans 114
doghearted 117
douce 138
doutous 113
doxasticon 133
dramaticule 128
dropt 136
druith 127
drumfish 131
dusken 121
dyschroia 139
echoer 113
edana 106
edulcoration 130
efik 125
electroballistic 144
eleutherism 100
elohism 132
empeo 139
endearment 113
epauliere 138
epicardium 120
epicotyl 99
esopus 120
ethmopalatine 113
euphemy 133
everyone 136
exarticulate 123
excremental 136
exert 118
fearedness 113
featureless 139
feedway 124
fieldish 115
filbert 125
filtering 121
fishlike 108
fittable 109
flaminica 137
flirtational 121
fluellite 110
foreclaw 129
forfouchten 128
fossulate 126
fosterer 122
foxbane 139
fretted 111
frivolize 114
gaoler 111
gelidiaceae 144
genesis 117
genitivally 135
geognostic 140
germicide 133
gethsemane 129
gigantostraca 122
glamorously 119
glideless 117
glossocoma 110
gluteus 135
goffle 140
gonangium 126
gooding 138
goodyera 142
goofer 116
governmentalist 116
grainer 147
grammaticism 134
graveship 113
gugglet 112
guran 120
gymnocidium 116
hagborn 118
halite 130
hammy 136
handflower 104
hatefulness 131
hefter 122
hemagglutinin 119
hematitic 145
holcad 123
horizontic 142
horseshoe 122
humidistat 132
hyperapophyseal 122
hyperthetical 139
hypertonus 133
hypnobate 102
idempotent 150
impleader 126
inamorate 121
inappropriately 130
incompetency 124
indefensibly 137
indeficiency 126
indoctrinize 115
indulgently 156
inesculent 114
interbank 106
interright 135
intitule 144
intransigently 114
intrapair 116
intrasegmental 102
inula 137
isogenetic 168
jackass 147
jain 129
jaun 235
jazzer 104
jersey 267
joinant 127
jovial 129
katrine 113
kenspac 120
keraunion 124
knopite 107
koklas 104
konini 115
krameriaceae 118
krishna 131
lacinula 137
laemodipodiform 119
limitation 136
lipometabolic 128
loath 124
loxiinae 137
luck 121
lymphangiosarcoma 113
magistrative 114
majagua 114
mand 110
mantrap 126
manumisable 120
matless 137
mazolytic 122
mediatrix 131
membranocartilaginous 133
mephistopheleanly 124
mesarteritis 97
mesmerizee 127
mesorrhinium 126
metaloph 123
metamerized 110
metastigmate 134
metaurus 132
mettlesomeness 122
micropterous 120
midmost 138
mimosa 122
mizzle 136
monas 138
mooch 124
mordantly 114
mormyrian 137
mucigenous 124
muffled 131
multisacculate 130
multisacculated 137
myrick 129
mythometer 135
navicert 117
nectarinia 125
nehantic 128
nephrocoele 112
newsworthy 120
nonconformism 119
nondetest 117
nonintervention 122
nonparental 135
northman 123
northwester 108
notalia 125
nurly 135
obnounce 120
obtundity 137
olena 112
ona 121
onychoid 119
operoseness 130
opisthotonus 114
opsistype 110
orkhon 105
orobanchaceous 128
ortheris 112
otocephalic 125
otocystic 115
outflunky 112
outlighten 127
overapprehensive 114
overfall 112
oxazole 105
paniconography 120
panoplied 127
papless 139
parsimoniousness 131
passade 117
patheticate 126
pathognomonical 110
patronship 119
peritracheal 125
peritropal 127
perlustrator 134
phaneroscope 129
phonologist 100
phyllaurea 115
picturable 120
pincushiony 124
pindy 138
platopic 131
platyhelminthes 145
pleiobar 126
plesiosaurus 110
pleuracanthoid 120
plunderbund 125
pneumonolysis 139
pneumonopathy 146
polymeride 119
polymetallism 112
polytheistic 140
porous 122
portalless 132
postcommissural 120
posthypophysis 99
praxinoscope 124
prayerfully 100
precandidature 139
presumptuousness 120
preunite 152
prevesical 122
privacity 114
probationership 130
profanely 121
progressist 114
proteanwise 130
proxenetism 118
pseudolabial 160
pseudomery 119
pumpable 146
pundit 128
purpleness 137
puzzleation 130
quinquepedalian 147
ratherly 124
ravishment 121
rawbones 124
receival 129
rectilinearly 122
reguline 116
reimagination 131
reproachably 141
requestion 136
resojourn 109
resolvability 125
resorcylic 140
restiad 135
resultative 115
reuben 129
rhizopoda 100
rhizopodist 130
rhymer 129
ric 117
ride 130
rigging 121
ringdove 117
rongeur 114
rorulent 120
rousseauite 137
rugmaker 129
ryme 122
salpingoscope 129
sanctimony 116
sarkine 110
scaddle 127
scandalization 117
scaroid 120
scaul 109
schizospore 126
schoolboydom 125
schooltime 116
scolder 122
screensman 118
scyphomedusoid 149
scytonemataceous 135
secludedly 126
selenodont 156
semicastrate 117
semicylindrical 139
semipalmate 143
semistill 114
semitour 122
sequestration 143
serotherapy 127
serratodentate 130
shaivism 136
shawlwise 122
shipshapely 111
simia 122
sitomania 122
sittinae 119
slaphappy 123
slipknot 132
snath 119
sonometer 129
soord 122
sorrel 135
sourwood 124
southerland 127
spangly 124
specie 124
sphendone 146
spinage 141
spookist 118
sprigged 134
sproutage 137
stability 115
stahlianism 123
stocker 142
stubrunner 122
stupor 150
subgyrus 104
suggestionize 122
sulfamerazin 118
sulphochromic 136
sulphotoluic 123
superlucky 126
superstrata 118
supraterrestrial 129
suslik 130
symphony 113
syncoelom 139
tablewise 120
tamarack 134
tamlung 134
tapa 126
taperwise 133
tapsterly 113
teensy 133
tetanomotor 155
tetrazolium 140
thalamomammillary 125
theopathy 124
thiopyran 114
thracian 126
thwartover 128
thyroprotein 126
tipsy 134
tireroom 115
titivator 125
tomopteris 132
tongueless 141
topcoating 128
tormentedly 141
tragelaphus 120
tranquilize 131
tressour 123
triantelope 111
tridentated 127
trigonotype 135
trin 121
trochoidally 132
trojan 117
trust 124
tubicinate 113
tuboovarian 108
turtleback 151
tutball 106
twistiwise 123
uintathere 131
ultimately 121
ultralegality 130
ultramontanism 120
umbellifer 118
unaccoutered 135
uncased 117
uncertain 113
uncharming 132
undeclined 115
undergraduateness 109
undertutor 147
undocumentary 128
unfederal 122
unforbiddenness 125
ungloom 125
ungrasping 83
unhomogeneously 133
unicolorate 129
unignominious 122
unincluded 120
unmaturity 133
unorganizedness 128
unpertinently 139
unplenteous 125
unpriority 119
unpunctuated 128
unquestioned 119
unruinable 127
unserried 125
unsinning 114
unsizable 129
unspatial 129
unspiritually 126
unsubmissiveness 124
untortured 135
unurned 116
unweetingly 117
valerin 132
varicella 132
vediovis 133
venery 113
vengeful 138
ventrine 114
veridicous 124
verisimilitude 143
verrucaria 120
vetoistical 114
viver 146
vocimotor 134
vortical 136
waxy 117
wendish 108
whew 135
whiglet 136
widowed 130
winterish 104
wolfberry 134
xeromenia 143
xerophile 122
yawney 131
zeke 135
zoolite 111
