abstractionist 139
acariform 138
acreak 125
admeasurer 137
aerometric 108
aggressin 127
agrimonia 137
aimee 139
alike 118
alois 115
ambulatio 107
aminolysis 137
amoebicide 131
amphibiotica 125
amputative 126
anagallis 131
analectic 137
andronitis 129
animous 121
antagonistically 119
anteambulation 121
anthropotomist 134
antiexpansionist 134
antipolemist 126
antivibratory 131
appearer 140
april 126
archiplasmic 124
architectonically 120
arthrempyesis 141
astart 137
asymmetron 104
atonia 112
attractable 135
auditorily 137
auhuhu 111
aulophyte 105
aurulent 119
australic 129
authorizable 104
automobilism 118
axwise 131
backfiller 124
balladeer 131
bannered 124
baric 113
baryecoia 124
barytophyllite 123
beloeilite 124
bereft 131
bessemer 131
bhang 120
bisulphate 116
blest 116
blimbing 120
boarishness 125
bold 131
boonless 128
bostonese 131
botryoid 134
braggartry 136
brideweed 138
bronchiole 117
browbeater 133
busby 106
cabbagy 138
cacographical 118
cakey 130
calculate 123
camphine 117
cancerously 104
capercut 130
caraguata 134
caranna 128
carnalness 101
carotin 135
catharism 135
cathedralwise 116
causatively 115
cephalomotor 120
ceratohyoid 125
cerebronic 124
chaft 107
chalaza 120
chalcone 121
chancroid 121
chemitypy 124
chhatri 115
chiasm 123
chlorinator 136
chob 149
cholochrome 123
chorometry 111
christianism 140
chronologist 130
chytrid 135
circumjacency 139
citral 118
coalitionist 109
collegiation 117
commendador 114
compass 123
conditionality 141
conferval 135
contaminate 115
convolvulaceous 119
cordelia 124
coroparelcysis 124
cosmopolicy 109
cotingidae 123
crownlet 109
crudely 132
cryptophyceae 151
culvert 126
cusec 120
cyclopentene 141
cynical 131
cystal 130
daltonic 142
dapperly 117
daydawn 130
deadcenter 107
decernment 135
deditician 106
degrade 120
delayer 125
denaturizer 123
dendrology 120
denticle 126
deossification 125
depolarization 121
desulphur 128
detoxicator 127
diammine 127
dicondylian 120
digitoplantar 122
dilatability 126
dinkum 133
dinotherian 131
diocese 114
disappropriate 117
disattire 121
disburser 124
discussion 130
diseme 125
disminister 107
disprison 145
diurnal 118
diversifolious 119
domic 132
dosimetry 150
dothideales 132
doveling 125
downweight 122
dragginess 132
drammock 128
drapable 139
dreamsily 114
easternmost 94
eccaleobion 110
ecclesiologically 133
echoize 123
ectomeric 262
educable 127
elkuma 131
embarkation 133
embrown 110
enterocoela 116
entropy 108
epipolize 134
eroticism 125
eruct 130
euploid 146
euryalean 126
eurygnathism 138
experimentation 133
exuviation 127
eyot 122
fanflower 144
faradmeter 131
farsalah 145
fascisti 120
fellage 132
ferthumlungur 260
festiveness 130
flatling 109
forgivableness 119
frailness 134
frame 115
frangipane 124
fraudulently 124
fraxinus 125
frondesce 117
galloflavine 142
galvanocautery 132
garroter 140
gastrectomy 114
gemauve 132
gillie 129
gloriously 137
grant 113
granulose 126
grenadian 135
gunnar 116
halichondroid 128
halohydrin 137
hammerkop 133
handshaking 113
hazily 140
heelcap 134
heliotropically 134
herbivority 109
heterocoelous 119
hill 134
histogen 127
homotonous 138
humpiness 141
hurried 108
hydradephagan 133
hylomorphism 121
hypothermy 128
ibadite 138
ideationally 117
impasto 135
inadaptation 120
inalienableness 108
increately 120
industrially 147
inexacting 122
infissile 132
initiary 124
injectable 122
inobvious 122
inspirit 121
interdentil 145
interpubic 137
interramal 113
intertransversal 128
intolerant 159
intracerebrally 135
intratubal 120
invincible 115
irenarch 128
isomorphous 120
isospondylous 139
itylus 112
kelpie 120
khair 138
kinkily 106
kirkify 118
knitwear 112
kupper 122
lanceolate 123
lass 144
lithotome 122
liven 127
lurement 125
maestri 127
magindanao 161
mammutidae 138
manitrunk 128
manorship 120
marseilles 111
materialize 132
matins 128
mealmouthed 125
meloidae 130
mesembryanthemaceae 138
metaconid 132
metaluminate 128
metempsychosize 134
microgram 140
millionairism 124
minorite 128
mirthsome 131
monasticism 130
monobromoacetanilide 133
monohydroxy 140
monosporangium 121
montagnais 128
mordv 141
morulation 243
motograph 136
multifariousness 120
mushed 123
mycele 114
myoblast 117
mysticly 139
nasological 147
navarch 111
necroscopical 149
nephrorrhaphy 127
neurodynia 122
nigrify 97
nonconvenable 131
noncreation 138
nondiazotizable 129
nonfactory 115
nongravitation 132
nonimpairment 106
nonmalignant 120
nonrenewal 118
nonrenouncing 106
nonrevertible 145
nonspirit 121
numskulledness 138
obeliscar 122
ocracy 122
octandria 118
odist 120
odontonecrosis 125
odoriferousness 142
odorless 106
ohmage 109
oliguria 137
omninescient 115
oophoron 115
orchestrion 125
ordinariness 129
oreodontidae 121
ornithodelphia 109
orpiment 130
ossifrangent 128
ostracion 127
outturn 148
overassert 138
overlargeness 121
oxybutyric 132
oxytocin 124
paint 107
palaeoherpetology 114
pandle 125
paradigmatic 267
parceling 143
parnassianism 128
pecuniary 134
peltandra 125
pengo 123
peracidite 108
peridentium 136
periplast 131
peziziform 131
phaenogamic 126
pharmacognostically 131
phasianoid 119
photologist 130
pinning 110
piscinal 124
plainscraft 116
planorboid 121
plauditory 103
pliers 121
pneumatics 119
pogrom 119
polygrammatic 125
polyped 119
polythalamia 130
pontee 132
preclusive 134
precoccygeal 126
preconsult 121
prefab 133
preinsure 123
preloan 126
premonitive 138
pressroom 114
prionus 115
privet 132
proagitation 113
probeer 122
processioner 116
procuratorial 122
prodigalism 108
progressionary 132
progressively 121
proleucocyte 118
prolyl 129
promenade 122
prostatovesiculectomy 124
protococcal 113
pseudoelectoral 141
pseudolegal 129
psorophthalmic 127
psychogonical 141
puboiliac 123
pulicide 115
pulverizator 123
punishmentproof 131
quarantiner 122
quartzic 113
queenlet 125
radulate 148
raffaelesque 115
rechaser 125
recurvous 118
redemptionless 143
reflected 140
reinsertion 124
renunciation 150
repealist 128
repulpit 124
reskin 117
restful 105
reticulosa 123
revulsively 112
ricardianism 133
ridgel 128
rondacher 141
ruen 144
safecracking 117
sagacious 144
sauceline 121
sauna 128
saxifragant 122
scavenger 129
scogginist 108
scowlproof 118
scrivenery 241
scrutiny 155
sculp 130
seedman 142
semelfactive 113
semioscillation 135
semiparasitism 124
setigerous 126
severalness 123
shrewstruck 129
siliquaria 118
simoniacally 138
siphonobranchiata 119
sitiophobia 140
skeletogenous 103
skepful 128
slitch 127
slopmaking 135
smaragdus 131
soboliferous 133
solaciously 125
sonderclass 109
soneri 131
sonorosity 123
soot 125
soothingly 134
sorption 117
spermatogonium 132
sporadical 116
springworm 114
stagnance 115
starlights 130
steak 123
stentoriously 123
stichometrical 121
stirp 116
stockmaker 140
stolae 122
strepor 122
stylopod 138
subhorizontal 129
subnasal 124
subquintuple 136
subworker 120
sulfonethylmethane 125
sulphonal 139
supernumerariness 143
superrheumatized 130
supersensory 130
supertrivial 125
suppressible 125
survivorship 121
sweetlike 137
swiften 154
tabulated 121
tachycardia 146
tactosol 118
taeniodontidae 110
tafwiz 116
tauromachian 119
tempestical 121
tennisy 121
tilework 115
toponymics 107
torrent 140
toryize 117
totipotential 133
transmuter 126
transubstantiate 123
treacherous 125
trimestral 107
tripudium 131
trowelman 120
trucking 122
trustingness 128
tuborrhea 133
turnicine 137
typicality 116
ultramodern 108
unabrogated 120
unalterability 115
undergauge 118
unembarrassedness 131
unendangered 124
unenvious 122
unfarming 133
unforested 135
unfrill 121
ungassed 145
unhawked 105
unigravida 113
unliquidatable 111
unmate 124
unornamentally 144
unpaper 119
unpathed 134
unpooled 135
unproportional 134
unqueen 126
unsold 113
unsquandered 119
untenty 138
untunefully 117
unvitrescible 130
unwading 135
unwatchfully 119
unwrenched 115
upkindle 131
upwarp 132
urotoxy 116
uteroovarian 124
vanadate 144
vergency 121
vertebroiliac 101
viburnum 120
vicaress 129
viperess 119
vulsella 130
waggel 126
wearily 124
weaselsnout 117
wheer 117
wherefor 104
whiskerlike 125
wistonwish 117
womanbody 122
womanhouse 131
wordless 120
xylonic 116
xylonitrile 105
yakut 113
yesternoon 134
yex 140
zonotrichia 126
zymogene 145
