abdal 103
abhorrence 108
abstinently 113
accountability 125
achordal 125
acinous 140
adder 140
adherer 115
admirable 112
aeneolithic 124
aeolididae 146
aerobatics 115
after 135
afterfriend 94
agalloch 119
aka 142
alada 126
algarrobilla 114
allodesmism 115
alpist 132
amacratic 134
amalings 108
amendatory 127
amends 116
ametabole 110
anacamptometer 135
anacrustic 108
anaesthetically 128
anisamide 126
antecedency 121
antiager 122
anticipant 111
antiduke 137
antiguggler 112
antritis 122
apices 112
apperceptionist 130
aprication 114
archaeostomata 122
archidiaceae 134
ardently 113
aromatite 116
arras 120
arrent 130
arsnicker 121
arthemis 139
asiatical 125
atabek 111
athletical 116
autochronograph 124
avenger 119
backcast 121
ballan 136
balsamina 112
balsamine 142
basichromatinic 111
befurred 115
beknottedness 142
bevenom 151
bicollateral 133
bimucronate 117
biplosion 142
biventer 127
blackfoot 126
blandiloquious 129
blasia 119
bleak 123
booted 137
bottlebird 232
bracker 128
broderer 115
bruzz 144
budger 138
canaliculated 147
cantharidize 123
caroome 114
catatoniac 133
cathedralic 142
caudolateral 155
cenobitic 142
centimeter 103
cestidae 136
chrotta 119
churlishness 135
cistercian 111
classer 163
climaciaceous 121
climatometer 124
cloacaline 122
cojudge 115
colloidal 121
colymbidae 106
communitary 119
concerningness 116
concretion 120
congolese 124
congratulant 122
conrectorship 140
consubstantialism 126
contendress 129
controlment 151
convector 127
cooky 137
coracine 111
corroborate 147
corydaline 110
coryza 119
cosmopolitics 121
counterexaggeration 129
criticize 128
crossbow 124
croupily 140
cryptoneurous 108
cuckoopintle 114
cupula 116
cyanopathic 161
cynocephalic 124
cystoschisis 125
cytophysiology 121
decemviral 129
delineatory 136
demonologic 109
demonstrability 135
deoppilative 130
deplorability 122
derisory 117
dermatozoonosis 126
describability 107
devulgarize 136
diarchial 128
dim 139
diplospondylic 117
diporpa 128
disclassify 121
discontented 134
disenchantingly 118
disinvolve 129
dithionate 141
douzepers 129
dramatizable 131
draparnaldia 103
duplicity 119
ebenezer 116
ebullioscopy 123
ecospecies 125
ecru 144
elanus 110
electric 127
electroosmotic 126
ellice 104
elytrorrhaphy 105
embranchment 127
embuskin 127
emphraxis 102
emprosthotonos 125
endemism 127
endoceratite 130
endoperitonitis 127
endosiphonate 138
endostosis 127
enleague 140
epifocal 126
erectopatent 136
erythrodextrin 115
esoterist 132
excerptor 123
exognathion 136
exotropic 128
expiscation 128
extraprofessional 139
fallfish 127
fanfaron 137
farfetchedness 131
fatal 125
fatuitous 106
federatist 143
fiji 134
finickily 120
flangeway 141
flannelbush 126
flavius 150
flavorous 140
flimp 125
forthrightly 105
foundationless 110
functionation 127
gaetulian 129
gambling 125
gammoning 113
gatherer 112
geadephagous 126
gentlewomanhood 126
geologian 136
giggit 121
glassful 128
globuliferous 122
glutition 127
gluttingly 133
goddam 118
goiabada 135
gothicizer 114
griffinage 124
grignet 134
groschen 137
guisard 129
habronemiasis 114
hairif 116
harebrain 112
harnesser 141
hawked 142
hawkweed 128
hazardous 126
headforemost 127
hederaceously 136
heritrix 131
heterocoela 131
hexagram 108
hinayana 133
hookish 131
horrorsome 136
hu 115
hymnwise 123
ignatian 130
ijma 134
ilioscrotal 118
immix 118
immutual 93
inachidae 115
inclusive 127
incurious 138
indan 110
indecomposable 116
inducer 146
inequipotential 127
inexpectedness 108
inexpressively 87
inkstone 132
innovate 126
insociableness 124
interdash 115
intergradation 132
interrelated 119
interrelatedness 117
intertwine 113
inventer 132
isobilianic 125
isocamphor 114
jacko 127
jaculatory 134
jollification 133
juice 122
kamchatkan 140
kibei 105
kiho 122
kleptophobia 116
knuckling 100
lactific 109
lat 122
laughterful 112
learoyd 115
leatherworker 98
legged 128
leiotrichidae 108
leptodactylous 150
levo 120
library 134
limulidae 130
lumpingly 112
lunambulism 140
lyceum 122
macroergate 118
magnetism 127
magnetooptics 124
maugis 117
mellay 118
melter 116
memo 112
memphian 116
mesmerism 152
metalline 138
micrographically 127
milla 138
misconstitutional 127
mispersuade 108
mitsumata 128
monoacid 103
monosymmetrically 116
moorship 131
mophead 144
morchella 121
mornless 134
morrhuine 141
musky 132
mustela 130
myxangitis 140
nasomaxillary 120
nebulite 133
nebulium 109
nephelorometer 126
nonbeing 115
nonconductor 130
nonmortal 134
nonrayed 125
nonschematized 108
nopal 131
northeastward 244
occursive 132
octoalloy 121
octopartite 108
oenomaus 117
omnimeter 134
omnipotently 120
orthodontics 114
oscar 118
osmundaceae 113
othmany 133
overforwardness 120
overinsistence 122
overname 143
overprosperous 142
overrefinement 116
overshadower 121
ovule 115
oxyacetylene 107
pachysomia 120
painkiller 113
pantatype 130
panthelism 144
papinachois 131
paragastric 135
parhypate 112
paroxysm 118
partanfull 130
paschal 137
paulinistic 128
peckishness 129
pegger 117
pelean 120
pelvetia 149
pencilwood 148
perceptivity 125
perfusive 138
pericenter 129
peritonitic 141
perulate 115
petrosphenoidal 121
photological 135
picnickish 101
picotah 119
pinta 113
plasterboard 121
plebiscitic 114
pluriglandular 116
plusquamperfect 130
poltroon 137
polyactine 128
polyphyly 123
pooly 125
porelike 135
postilioned 124
poticary 124
preaffect 110
presenility 128
prizery 129
proconnesian 129
procuratorship 134
prodigus 112
prohibiter 144
prologuer 150
prosector 146
prosenchymatous 125
prospectus 127
prototrophic 104
protoxylem 112
pseudoparasitism 133
pseudoturbinal 114
puckneedle 137
puinavian 124
punctuation 115
pureness 122
pustulate 123
putage 107
putcher 125
quadrijugal 122
quarterage 117
quickenance 120
radiopalmar 142
rama 137
rangiferine 126
recarriage 134
reflexly 124
regnant 115
reimportation 120
relativize 115
relocator 116
remede 132
renocutaneous 126
repressionary 132
reviling 139
rhinoceroslike 122
richt 113
roberta 108
rodentia 110
roquer 117
rubricity 139
rumorous 123
rustic 121
rynt 123
sagittoid 137
salmiac 141
sameliness 137
sandra 124
saya 122
scaphiopus 122
scattered 111
schorl 128
scintillation 117
sclerosarcoma 137
scow 122
scyllarus 111
secondhandedness 135
selected 128
seleucidic 113
semasiological 113
semicoma 107
semiconfinement 127
semijuridical 124
seminose 125
semiramize 122
sensuism 110
share 129
sheenful 112
shelvingness 123
shewel 135
shinwood 135
shopland 140
shrug 136
sicambri 115
skipman 115
slabbing 117
slackage 107
sofoklis 130
solubilize 111
sparrowy 119
specialism 136
spirogyra 259
spoken 130
squamipinnes 123
steganopodes 114
straightwise 259
streamful 125
stridency 122
strifemaker 112
subdialectally 131
subvariety 108
succorful 115
sudanese 141
sulphonephthalein 113
sultane 128
summerite 130
superethmoidal 121
supradural 124
supraseptal 117
surginess 132
syncladous 119
taenidia 117
taeniodontia 122
tamarind 131
tanproof 136
tapeline 114
tartufism 132
teave 137
tedium 122
tenorless 122
tetrameralian 115
theo 119
thrimble 148
tigurine 136
tillamook 113
tiriba 125
tiswin 127
tommyrot 131
torpescence 138
tracheloclavicular 135
transitival 119
traumatopyra 104
triarcuated 137
triconodontoid 108
trivia 128
trivirgate 116
trotlet 130
truehearted 114
tunicate 120
turgidity 112
typify 122
tyrsenoi 131
tyrtaean 121
unabbreviated 131
unaccumulable 113
unadvisably 126
unasserted 114
unbarb 107
unbelievability 129
unbright 116
uncleverness 119
unclogged 134
unclutched 132
unconsentaneous 117
uncontinuous 118
undeformedness 133
underactor 139
underserve 110
undisarmed 130
undular 118
unentire 143
unfiltered 119
unfond 132
unfordableness 143
unformal 133
unforsworn 136
unhopedly 122
unlamented 120
unlikeably 123
unnorthern 138
unobsequiousness 117
unpassionate 125
unpile 131
unpollutable 125
unquiet 114
unrefitted 114
unregained 128
unsecureness 121
unshimmering 118
unskilled 125
unspicy 117
unurbane 116
unvacant 127
unvarying 111
upcurve 130
vacanthearted 114
vastness 120
verdin 117
verisimilar 121
viny 131
visionless 147
volcanity 125
volute 111
wad 257
warehou 131
wart 125
washwork 116
wendi 126
wetbird 125
wickless 131
wintun 124
wistful 110
woad 115
workaway 125
workday 127
workgirl 108
yahoodom 132
zoocecidium 111
zooidiophilous 138
