abstinence 114
acanthological 115
accompanyist 143
adicity 120
aftercast 126
afterreckoning 117
agnathia 107
agraffee 121
ahint 113
albeit 111
alcheringa 124
alkaptonuric 126
alphabetarian 114
alroot 115
aluminize 121
ametabolous 128
anticardiac 123
antiquing 144
antithetically 128
apertly 124
aphetize 120
aquilian 115
arboricolous 117
archpublican 115
arienzo 142
armrack 113
arthrology 133
ascolichen 126
ashwort 106
atomist 128
aubrey 110
auctionary 148
autovaccine 118
auxilium 124
baalish 137
backgame 129
backstretch 124
baromotor 140
basidiolichen 109
basilweed 127
bath 113
been 126
begetter 143
beglue 125
benjamin 135
bethflower 123
bipinnatipartite 124
birdcraft 118
blameless 144
bombus 110
boreable 128
boregat 104
boucher 105
brachyura 113
breezily 133
bregmatic 132
brevipen 130
brit 141
bubinga 130
bucconinae 128
bufagin 128
buprestidan 132
byspell 135
caddiced 135
cagit 117
calamitean 111
camisole 119
caracoli 127
carpetweed 131
cat 114
cerulescent 109
chekan 137
cherishable 124
cheroot 124
chromophoric 127
cineraria 138
circuitous 139
citharista 129
clearhearted 135
clerkhood 122
climatologic 127
clotheshorse 115
clouding 144
coeducate 117
coemptive 121
coldish 129
collegial 148
communicably 135
confabular 118
conicle 111
consummativeness 120
contrastedly 116
convertive 126
copperbottom 115
corallina 132
correctionalist 117
cotoneaster 115
covin 134
cristino 115
crymodynia 122
cubbish 124
cuckoopint 120
cumbu 113
cumshaw 123
curiologically 121
cyanimide 134
cyanotic 134
dairi 146
damn 122
das 116
debellation 147
decivilize 142
decompensate 117
deflective 124
deincrustant 122
delighter 133
delineation 116
demideity 157
depencil 138
desinence 123
dewdamp 124
diathermotherapy 95
dicer 126
dinder 134
disbosom 136
discina 147
discocarp 132
discriminate 117
doings 134
dotingness 108
drawk 126
duncish 122
dyskinesia 115
echitamine 124
ectally 129
embolomycotic 128
empty 128
emulsive 117
endermatic 129
endocarpic 117
enfilade 113
enneateric 119
enragedly 133
entranceway 123
epiphylline 130
epitrophy 100
erosive 116
eruditical 126
exhortative 120
extraperiodic 133
favosite 142
feign 112
fellahin 130
feltyfare 132
ferricyanic 118
fireboy 138
fireshaft 124
fitched 105
fletcher 122
fleury 134
fluidist 135
fluorotype 133
folksiness 111
foothold 122
foreburton 137
forehalf 130
foreknowing 127
forementioned 119
foreshow 130
fundamentalness 120
funduline 117
furor 128
gaintwist 110
gaming 138
gastroarthritis 115
gatewright 124
genarchship 133
glarily 122
glaucin 119
gracilariidae 112
graptomancy 128
grun 122
guffy 138
hampshire 128
harbingery 126
harris 141
heartsome 110
hedgehoggy 139
helioscopy 122
hemera 127
hermesian 118
heterozygousness 114
hollow 131
hoosh 117
horrormonger 135
huddlement 120
humanitarian 153
hyomandibula 113
hyperreactive 123
hypocoristical 114
hyposternal 113
hypotactic 117
hypotremata 107
iambe 125
ichthyoid 134
idioelectrical 127
idolaster 124
idolatrous 128
implete 128
imprescriptible 128
impressionally 131
incoherence 109
inconsequently 115
incrustata 118
indianeer 129
ineuphonious 122
inexhaustedly 130
infectedness 141
inopercular 105
insolence 132
interlude 138
intrinsicalness 124
ischury 262
isonomy 126
itinerant 135
jeffersonianism 118
jigget 137
jocose 139
kayan 121
kelp 115
kibosh 128
kip 99
lackadaisicality 124
lackeyship 124
ladybird 107
laet 127
lameness 109
latticework 126
lecaniinae 243
levulose 128
lightwort 115
linguanasal 120
lipuria 116
little 129
littorella 127
loafer 108
lobata 123
lucidly 127
lukewarmness 149
mabolo 150
macaranga 106
macies 130
macraucheniid 119
magazine 120
magirologist 136
marimba 125
marzipan 117
massa 114
masterlike 126
mats 126
matutinary 118
meditator 124
meridionally 136
metrostyle 92
mislayer 129
mismeasure 136
misrecollect 111
mitty 138
molary 151
molasse 127
monadism 115
monocondylian 108
mozzetta 146
multipresence 120
myrmecophagous 134
nasethmoid 133
nasute 126
nectria 127
negroize 142
neighbor 142
nematognath 113
nemertini 121
neuroretinitis 126
nodosarian 135
nonbelieving 134
nonextradition 119
nonpractical 138
obligatoriness 128
obstruent 133
occipitalis 128
odontaspidae 112
oligocythemic 124
omnificent 123
omphalus 122
opprobriously 112
outecho 108
outglad 141
outrow 111
outsheathe 135
overdignify 114
overfatten 115
oxygen 143
painfulness 112
panaman 116
pantotheria 146
parameter 140
pareoean 131
parthian 132
pathfarer 120
pathfinder 127
pathopsychosis 130
patrick 129
pedunculata 110
perforcedly 115
periorbita 133
peteca 102
phocoid 111
photoglyptic 128
phraseographic 132
phraser 117
pickpocketry 120
picturesquely 114
pitiful 125
platinammine 120
platycnemic 117
poetastrical 129
polyneuropathy 144
polyphemian 126
portlast 127
poseidon 129
postmedia 135
postscutellar 116
preallowance 124
prebronchial 106
precleaning 126
preconcerted 148
prefator 140
preidea 117
premedic 139
prenuptial 117
preobjective 106
prerecommendation 129
presidium 117
prestricken 128
presynaptic 134
probosciformed 138
proconventional 142
proctocystotomy 139
proliterary 117
protecting 136
protopodial 136
proximad 135
pteryla 115
puckling 142
pulque 125
pummel 104
puntabout 130
puppyish 133
puritanlike 121
pyramidoidal 138
quadrisyllabous 118
quatch 117
quaternion 115
rabbitry 106
randite 116
ratfish 112
readvocate 138
realm 112
rebellious 125
recapper 118
recognizedly 116
reconcileless 126
reflux 129
reforest 126
reformational 114
refutal 132
refutation 143
regalement 125
reindifferent 122
reproachableness 126
rhynchops 142
ridgil 130
roofless 129
rude 134
ruralite 118
rushiness 131
saccharine 113
sacrad 123
salicaceous 123
salivous 109
saloon 117
sceloporus 120
schoolmasterism 137
schoolteacher 109
sclerenchymatous 131
scowbanker 132
scram 128
scythic 140
seaquake 119
seasick 123
seen 121
semaeostomata 121
semifunctional 129
setdown 111
shittimwood 121
shoddylike 113
shoo 132
sick 112
simplist 113
siphunculate 141
sirenically 122
sirianian 125
skinbound 108
skinking 120
skittishness 116
skivvies 129
slothful 120
snabble 108
someway 113
sotho 123
soulfully 116
spirillolysis 117
spirometry 287
sporozoon 135
spottle 108
starshake 146
strongyle 125
sturine 111
submediocre 122
subsidizer 143
substantialize 127
substantivity 124
suessiones 108
suggestionability 130
suitably 128
sulfogermanate 124
supercloth 133
superindependent 123
supermanly 144
supersaint 150
supersensuousness 114
suppressionist 119
swaggerer 100
syllab 105
symbolology 124
syrinx 260
tachinaria 134
tailoring 131
tavernly 118
telomic 116
templeless 116
teratology 136
tetraglot 128
theanthropic 130
thermotelephone 128
thiostannate 148
tind 118
tokened 122
totipotence 114
tottergrass 137
toxicophidia 127
tramwayman 101
transjordanian 110
transportive 135
trophic 123
ultrascholastic 139
unabrupt 126
unbain 143
uncondemned 118
uncubic 153
underbid 127
underlaundress 120
undersee 131
undersuggestion 153
undrying 136
undying 116
unexciting 108
unextendible 130
unfellowed 129
unforcibleness 129
unfructuously 119
ungelatinized 121
uniformization 134
unimpressive 129
uniqueness 130
unkneeling 130
unmechanize 136
unmissed 125
unprintably 118
unregenerateness 245
unresonant 141
unstaffed 124
unstrike 126
unsuggestedness 128
unsyllabic 144
unvarnished 124
unvoting 128
upright 144
urdu 113
urethrotome 127
uvularia 131
vagabondize 116
veen 112
vegetivorous 131
ventrocaudal 115
vertebrarium 127
vestrical 131
vestrification 128
view 127
villoid 127
virole 129
vitaphone 132
vitriolizer 230
wage 112
wantwit 127
warsaw 127
whiz 118
wording 126
worldwards 121
worriter 122
wroth 125
wud 123
xanthopsydracia 123
yelmer 125
zamenis 128
zimme 107
zolaist 112
