accomplishable 144
acredula 124
acrothoracica 104
acupress 128
adarme 115
aerarian 125
aeroembolism 115
aftertimes 138
albigensian 135
aliso 125
allophylian 144
allothigenous 142
alytes 130
amita 116
anabata 125
anangular 110
androginous 122
angiocholitis 127
annoyingness 114
anomalously 115
anoplothere 111
antialcoholism 139
aphidius 105
applemonger 221
appositeness 122
argentide 146
arian 139
arrestive 138
arrie 127
attercrop 146
avoyership 132
axonometric 118
aziminobenzene 129
babongo 130
bacteriologically 123
balinese 131
ban 132
banderma 128
banditry 130
baptize 139
baring 136
benefactive 106
beveto 117
bicameralism 111
bicarinate 133
bipalium 102
birdhouse 145
bortz 122
brahui 145
bribegiver 126
bridehead 120
burel 109
cacti 126
caecotomy 130
calamity 118
calcitrant 123
capias 117
captivating 136
carlylism 115
cartisane 111
casaun 117
catalufa 136
cataplasis 119
catechismal 122
cathion 138
cephalometric 129
chaology 128
cheirosophy 139
chervante 120
chiasmodon 134
chilotomy 125
chimneyless 122
cholestane 133
cionocranian 117
cladodontidae 119
cochlea 135
commelinaceous 124
compactor 118
compoundable 124
conquinine 140
copaene 115
cora 126
couratari 122
cranial 129
crocosmia 114
cubbyyew 131
curatize 125
cyanochlorous 111
cyclamen 118
cyclanthales 135
cytozoon 120
dandydom 123
dandyish 133
dechlorination 121
declinatory 134
decorist 136
deepmost 127
deerstalker 131
deflesh 111
dejeration 108
demulsibility 117
dernier 122
desirefulness 114
destination 120
detroiter 117
devotee 127
dilation 108
dinotheres 130
diplogenesis 117
discoglossidae 141
distillatory 129
divaricator 123
divulger 104
domitic 118
dorsel 133
dout 133
driftpin 115
dustwoman 144
eberthella 116
ebulliency 138
ecanda 125
effect 126
elbowed 229
electroacoustic 114
emasculation 120
enamelless 124
endboard 137
endoesophagitis 130
engrandize 115
enkerchief 118
entrappingly 109
epitasis 132
epitenon 116
equivocal 132
erick 101
erythritic 125
ethicoaesthetic 110
exclude 118
expatiater 98
exterritorial 134
eyebalm 133
eyeblink 108
faultlessly 120
felicide 117
fewter 137
fighteress 125
financial 128
fingerprint 121
firk 120
fishway 124
fixedly 135
flane 138
flexuousness 135
flunkeydom 119
fool 124
forefatherly 252
foreshift 139
fraternalist 140
gaspereau 118
gaussbergite 131
genotypical 132
germanizer 135
ghegish 137
ghizite 125
girderage 121
give 132
glitnir 123
glossic 123
goloe 122
greedless 114
gregarina 119
grigri 125
gristmill 129
groundplot 119
gullyhole 130
gummite 140
guttule 124
gype 112
hagiographer 108
halcyonian 132
hammerwort 121
heart 123
hegemonizer 112
hellenistically 124
henry 117
her 125
heroinism 127
herring 132
hexapartite 111
hexylic 113
hibernaculum 138
hirer 110
hispidulate 127
holoplankton 106
homeric 136
homewardly 130
homoousian 127
horsehood 126
hosta 144
hotheaded 125
hunchet 122
hurdler 121
hutterites 127
hydrome 116
hymn 114
hyperconsciousness 120
hypomere 114
icebreaker 133
ihram 115
ileotomy 123
impairable 126
impunible 134
incircumspectness 127
inconstant 141
indulgentially 115
ingenerative 127
ingloriousness 152
inimitableness 127
injurious 121
insenescible 114
inspectability 146
interclass 130
intercomplimentary 140
internuncius 140
intersystematical 122
intervisible 110
intimity 146
itoubou 109
jam 130
jelerang 126
jellification 134
jinrikiman 131
jirkinet 117
jokeless 118
juncoides 120
jupon 92
karo 127
katabasis 129
kerflummox 131
killy 104
klip 137
knobstick 118
kubera 127
kyat 131
kyle 120
lacwork 133
landladyish 129
landlooker 125
laserpitium 130
lazily 118
lepidotic 108
levis 143
lipotropic 121
lissencephala 149
locustberry 137
lumper 134
lyretail 125
malaclemys 136
mandrel 130
manichaeism 116
mapuche 139
mastigure 111
matriotism 136
medication 130
medicatory 144
melancholiousness 113
melodyless 105
metallurgist 141
metaprotein 138
micrological 129
microphysiography 123
midsummer 139
mindfully 131
misdread 116
misintend 110
misotheist 101
monarchial 108
moravianized 136
morbid 130
morphically 129
mucus 246
mutilous 129
mythify 128
mythomaniac 133
naphthalic 109
naphthoxide 93
nectarium 123
needle 105
neurapophysis 126
nonacute 114
noncalcareous 135
noncontraband 127
noncosmic 118
noncredent 109
nonemission 142
nonpower 122
nonsaline 134
notidani 117
occipitoaxial 119
odso 122
oophytic 112
ophite 127
opiate 136
orbical 145
orchardist 122
organless 124
origan 134
orthis 145
orthobiosis 134
orthophyre 135
outsoar 124
outtalent 127
outwash 143
ovatotriangular 141
overcourtesy 126
overjudgment 144
overliking 120
overshine 137
oxyacid 140
pachydermic 139
palaeozoologist 107
palladic 121
panautomorphic 123
pantechnic 135
pantellerite 133
paragastrula 141
parcellization 123
parching 128
parsonly 254
partial 125
particulate 116
passionfulness 134
paterfamiliarly 122
pentateuchal 125
periappendicitis 130
perspiringly 124
petricolous 108
pharmakos 130
phlebogram 117
phosphorus 128
phylarchy 127
physiographer 120
pieplant 115
piously 115
pipi 111
pleiochromia 128
pleurodelidae 115
pluvialiform 127
pneumatocyst 125
pneumonokoniosis 149
poecilopodous 119
polity 133
polybranchiata 94
polyparasitic 116
polysyntheticism 115
polythelism 112
portglaive 127
postcentral 111
potorous 108
potpie 115
predepart 119
predetach 110
predictably 136
preferably 114
presbyterian 121
presternum 123
pretemporal 112
proceremonial 117
proselike 106
protobasidii 145
protoporphyrin 128
protrusion 131
pseudoheroic 120
pterygomalar 126
pugil 133
pulicose 151
putatively 136
puzzleheadedness 131
pycnodontidae 134
pyrocomenic 114
quinquesection 126
quota 113
ratifier 138
recaulescence 117
receiptable 129
recesslike 113
redactional 113
redcap 120
refool 118
reformist 124
refulgent 112
regelate 130
registrant 107
repage 126
rest 119
restart 133
restrained 120
retentor 122
retractiveness 133
retraverse 134
ricketiness 120
risp 121
rocking 130
rotatable 127
ruttishness 104
salpiglossis 127
salvageable 264
sambucaceae 116
sandust 137
savitar 109
scam 131
scapulectomy 119
scenario 117
schnabelkanne 115
sclerema 115
scoptophiliac 126
scotography 118
sedimentary 135
seigneuress 120
selectiveness 138
selena 128
semiregular 123
serwamby 135
sextipara 140
sheepfold 126
shipmast 120
shirky 122
shovelmaker 142
sinalbin 139
sinnable 146
skateable 124
skittyboot 126
slammock 123
slaughterous 112
snowbank 138
solaciousness 115
soundage 121
spack 138
spheral 134
spinelessness 124
spirochetemia 135
sprackly 127
squinter 134
squirrelfish 139
steeler 107
stibbler 131
stoner 124
storax 137
striving 115
subarachnoidal 109
subcaecal 129
subcrepitant 122
subelection 115
subglumaceous 146
subhemispherical 126
submitter 130
subprotector 156
subsulphid 113
sulfonmethane 137
superciliously 128
superhirudine 123
suspicional 120
suzan 108
swalingly 145
swerd 115
syncategorematical 115
synoecism 130
tadpolelike 130
tarlatan 120
tarpot 134
tease 123
telford 119
tempersome 112
tempyo 104
terpin 126
testimonium 131
tetramin 126
tetrasporangium 134
thelemite 129
theoriai 118
thermosystaltism 114
theromores 134
thrap 130
tohunga 136
toozle 149
topeewallah 130
topsailite 139
tortrices 124
tortrix 118
trabascolo 114
tracheidal 129
transparentness 125
transportedly 142
transvasation 143
trilinear 138
tung 118
typhoid 134
ulexite 147
ultraugly 133
ulua 127
unagreed 113
unattractiveness 107
unclemently 128
undamasked 116
underaid 118
underclothe 131
underdead 119
undersawyer 108
undescriptive 129
undidactic 139
undress 140
unhallowedness 128
uninherited 147
unkissed 136
unmicroscopic 129
unmolesting 124
unorganicalness 119
unprofound 116
unprop 114
unprophesied 122
unred 126
unripped 117
unsane 104
unseldom 124
unseparably 122
unsin 138
unslagged 128
unsupple 132
unuseful 117
upboost 137
upbuoyance 116
uprein 134
upupa 105
urartaean 141
urinoscopic 132
uropodal 147
valerylene 110
veallike 125
veinery 145
verglas 132
vesicate 132
vesper 121
vitally 140
volunteerism 146
wakashan 124
warful 121
watchlessness 130
wateringman 125
waterlog 115
waxwing 135
whang 135
whereunto 109
whick 124
winnowingly 136
wirable 124
wisconsinite 130
woldlike 122
wolframate 131
wommerala 121
wurmian 128
xenacanthini 131
yarringle 92
yazdegerdian 127
yieldable 116
yuh 107
zanthorrhiza 121
zongora 136
zoophytoid 144
