1673758737,Start_Job,TEST06,4,4,9,1,/home/pp22/pp22s29/hw4/testcase/hw4/06.word,20,/home/pp22/pp22s29/hw4/testcase/hw4/06.loc,./output_dir
1673758737,Dispatch_MapTask,1,1
1673758737,Dispatch_MapTask,0,6
1673758737,Dispatch_MapTask,2,2
1673758737,Dispatch_MapTask,1,3
1673758737,Dispatch_MapTask,0,12
1673758737,Dispatch_MapTask,2,5
1673758737,Dispatch_MapTask,1,4
1673758737,Dispatch_MapTask,0,17
1673758737,Dispatch_MapTask,2,7
1673758737,Dispatch_MapTask,1,8
1673758737,Dispatch_MapTask,1,10
1673758737,Dispatch_MapTask,0,18
1673758737,Dispatch_MapTask,2,9
1673758737,Dispatch_MapTask,1,11
1673758737,Dispatch_MapTask,0,20
1673758737,Dispatch_MapTask,2,15
1673758737,Dispatch_MapTask,0,21
1673758737,Dispatch_MapTask,2,16
1673758737,Dispatch_MapTask,1,13
1673758737,Dispatch_MapTask,1,14
1673758737,Dispatch_MapTask,1,29
1673758737,Dispatch_MapTask,2,19
1673758737,Dispatch_MapTask,0,24
1673758737,Dispatch_MapTask,2,22
1673758737,Dispatch_MapTask,0,25
1673758737,Dispatch_MapTask,2,23
1673758737,Dispatch_MapTask,0,32
1673758737,Dispatch_MapTask,1,30
1673758737,Dispatch_MapTask,1,33
1673758737,Dispatch_MapTask,2,26
1673758737,Dispatch_MapTask,1,44
1673758737,Dispatch_MapTask,0,34
1673758737,Dispatch_MapTask,2,27
1673758737,Dispatch_MapTask,1,50
1673758737,Dispatch_MapTask,0,35
1673758737,Dispatch_MapTask,2,28
1673758737,Dispatch_MapTask,1,54
1673758737,Dispatch_MapTask,0,36
1673758737,Dispatch_MapTask,1,57
1673758737,Dispatch_MapTask,2,31
1673758737,Dispatch_MapTask,2,37
1673758737,Dispatch_MapTask,0,42
1673758737,Dispatch_MapTask,1,66
1673758737,Dispatch_MapTask,2,38
1673758737,Dispatch_MapTask,0,47
1673758737,Dispatch_MapTask,1,67
1673758737,Dispatch_MapTask,0,49
1673758737,Dispatch_MapTask,1,70
1673758737,Dispatch_MapTask,2,39
1673758737,Dispatch_MapTask,2,40
1673758737,Dispatch_MapTask,0,53
1673758737,Dispatch_MapTask,2,41
1673758737,Dispatch_MapTask,1,74
1673758737,Dispatch_MapTask,0,58
1673758737,Dispatch_MapTask,1,77
1673758737,Dispatch_MapTask,0,59
1673758737,Dispatch_MapTask,1,84
1673758737,Dispatch_MapTask,2,43
1673758737,Dispatch_MapTask,2,45
1673758737,Dispatch_MapTask,2,46
1673758737,Dispatch_MapTask,0,62
1673758737,Dispatch_MapTask,1,86
1673758737,Dispatch_MapTask,0,63
1673758737,Dispatch_MapTask,1,87
1673758737,Dispatch_MapTask,0,72
1673758737,Dispatch_MapTask,1,88
1673758737,Dispatch_MapTask,2,48
1673758737,Dispatch_MapTask,2,51
1673758737,Dispatch_MapTask,2,52
1673758737,Dispatch_MapTask,0,73
1673758737,Dispatch_MapTask,1,90
1673758737,Dispatch_MapTask,0,75
1673758737,Dispatch_MapTask,1,92
1673758737,Dispatch_MapTask,1,94
1673758737,Dispatch_MapTask,0,79
1673758737,Dispatch_MapTask,2,55
1673758737,Dispatch_MapTask,0,80
1673758737,Dispatch_MapTask,2,56
1673758737,Dispatch_MapTask,1,98
1673758737,Dispatch_MapTask,2,60
1673758737,Dispatch_MapTask,1,101
1673758737,Dispatch_MapTask,0,85
1673758737,Dispatch_MapTask,1,106
1673758737,Dispatch_MapTask,0,93
1673758737,Dispatch_MapTask,0,100
1673758737,Dispatch_MapTask,1,107
1673758737,Dispatch_MapTask,2,61
1673758737,Dispatch_MapTask,1,115
1673758737,Dispatch_MapTask,2,64
1673758737,Dispatch_MapTask,1,116
1673758737,Dispatch_MapTask,0,109
1673758737,Dispatch_MapTask,2,65
1673758737,Dispatch_MapTask,0,111
1673758737,Dispatch_MapTask,0,112
1673758737,Dispatch_MapTask,1,118
1673758737,Dispatch_MapTask,2,68
1673758737,Dispatch_MapTask,0,120
1673758737,Dispatch_MapTask,1,126
1673758737,Dispatch_MapTask,2,69
1673758737,Dispatch_MapTask,0,121
1673758737,Dispatch_MapTask,1,128
1673758737,Dispatch_MapTask,2,71
1673758737,Dispatch_MapTask,0,124
1673758737,Dispatch_MapTask,1,132
1673758737,Dispatch_MapTask,1,133
1673758737,Dispatch_MapTask,2,76
1673758737,Dispatch_MapTask,0,125
1673758737,Dispatch_MapTask,1,137
1673758737,Dispatch_MapTask,2,78
1673758737,Dispatch_MapTask,0,140
1673758737,Dispatch_MapTask,2,81
1673758737,Dispatch_MapTask,0,155
1673758737,Dispatch_MapTask,1,138
1673758737,Dispatch_MapTask,2,82
1673758737,Dispatch_MapTask,1,139
1673758737,Dispatch_MapTask,0,156
1673758737,Dispatch_MapTask,2,83
1673758737,Dispatch_MapTask,1,141
1673758737,Dispatch_MapTask,0,157
1673758737,Dispatch_MapTask,2,89
1673758737,Dispatch_MapTask,0,167
1673758737,Dispatch_MapTask,2,91
1673758737,Dispatch_MapTask,1,142
1673758737,Dispatch_MapTask,2,95
1673758737,Dispatch_MapTask,1,144
1673758737,Dispatch_MapTask,0,170
1673758737,Dispatch_MapTask,2,96
1673758737,Dispatch_MapTask,1,147
1673758737,Dispatch_MapTask,2,97
1673758737,Dispatch_MapTask,0,171
1673758737,Dispatch_MapTask,0,186
1673758737,Dispatch_MapTask,1,150
1673758737,Dispatch_MapTask,1,151
1673758737,Dispatch_MapTask,2,99
1673758737,Dispatch_MapTask,1,152
1673758737,Dispatch_MapTask,2,102
1673758737,Dispatch_MapTask,0,188
1673758737,Dispatch_MapTask,2,103
1673758737,Dispatch_MapTask,0,191
1673758737,Dispatch_MapTask,1,153
1673758737,Dispatch_MapTask,0,197
1673758737,Dispatch_MapTask,1,160
1673758737,Dispatch_MapTask,2,104
1673758737,Dispatch_MapTask,1,161
1673758737,Dispatch_MapTask,2,105
1673758737,Dispatch_MapTask,0,200
1673758737,Dispatch_MapTask,2,108
1673758737,Dispatch_MapTask,1,163
1673758737,Dispatch_MapTask,0,216
1673758737,Dispatch_MapTask,1,165
1673758737,Dispatch_MapTask,0,218
1673758737,Dispatch_MapTask,1,169
1673758737,Dispatch_MapTask,2,110
1673758737,Dispatch_MapTask,1,173
1673758737,Dispatch_MapTask,2,113
1673758737,Dispatch_MapTask,1,174
1673758737,Dispatch_MapTask,2,114
1673758737,Dispatch_MapTask,0,221
1673758737,Dispatch_MapTask,1,178
1673758737,Dispatch_MapTask,0,222
1673758737,Dispatch_MapTask,1,181
1673758737,Dispatch_MapTask,0,225
1673758737,Dispatch_MapTask,2,117
1673758737,Dispatch_MapTask,2,119
1673758737,Dispatch_MapTask,1,182
1673758737,Dispatch_MapTask,2,122
1673758737,Dispatch_MapTask,1,183
1673758737,Dispatch_MapTask,0,227
1673758737,Dispatch_MapTask,1,184
1673758737,Dispatch_MapTask,0,232
1673758737,Dispatch_MapTask,2,123
1673758737,Dispatch_MapTask,0,233
1673758737,Dispatch_MapTask,1,185
1673758737,Dispatch_MapTask,2,127
1673758737,Dispatch_MapTask,1,193
1673758737,Dispatch_MapTask,2,129
1673758737,Dispatch_MapTask,1,194
1673758737,Dispatch_MapTask,0,242
1673758737,Dispatch_MapTask,1,199
1673758737,Dispatch_MapTask,2,130
1673758737,Dispatch_MapTask,0,243
1673758737,Dispatch_MapTask,1,206
1673758737,Dispatch_MapTask,2,131
1673758737,Dispatch_MapTask,0,245
1673758737,Dispatch_MapTask,1,207
1673758737,Dispatch_MapTask,2,134
1673758737,Dispatch_MapTask,0,246
1673758737,Dispatch_MapTask,1,209
1673758737,Dispatch_MapTask,2,135
1673758737,Dispatch_MapTask,1,210
1673758737,Dispatch_MapTask,2,136
1673758737,Dispatch_MapTask,1,213
1673758737,Dispatch_MapTask,0,248
1673758737,Dispatch_MapTask,2,143
1673758737,Dispatch_MapTask,0,249
1673758737,Dispatch_MapTask,0,145
1673758737,Dispatch_MapTask,1,215
1673758737,Dispatch_MapTask,1,219
1673758737,Dispatch_MapTask,2,146
1673758737,Dispatch_MapTask,1,220
1673758737,Dispatch_MapTask,2,148
1673758737,Dispatch_MapTask,2,149
1673758737,Dispatch_MapTask,1,224
1673758737,Dispatch_MapTask,1,226
1673758737,Dispatch_MapTask,2,154
1673758737,Dispatch_MapTask,1,229
1673758737,Dispatch_MapTask,2,158
1673758737,Dispatch_MapTask,2,159
1673758737,Dispatch_MapTask,1,230
1673758737,Dispatch_MapTask,1,234
1673758737,Dispatch_MapTask,2,162
1673758737,Dispatch_MapTask,1,236
1673758737,Dispatch_MapTask,2,164
1673758737,Dispatch_MapTask,2,166
1673758737,Dispatch_MapTask,1,239
1673758737,Dispatch_MapTask,1,240
1673758737,Dispatch_MapTask,1,241
1673758737,Dispatch_MapTask,2,168
1673758737,Dispatch_MapTask,2,172
1673758737,Dispatch_MapTask,2,175
1673758737,Dispatch_MapTask,1,250
1673758737,Dispatch_MapTask,1,176
1673758737,Dispatch_MapTask,2,177
1673758737,Dispatch_MapTask,2,179
1673758737,Dispatch_MapTask,2,180
1673758737,Dispatch_MapTask,2,187
1673758737,Dispatch_MapTask,2,189
1673758737,Dispatch_MapTask,2,190
1673758737,Dispatch_MapTask,2,192
1673758737,Dispatch_MapTask,2,195
1673758737,Dispatch_MapTask,2,196
1673758737,Dispatch_MapTask,2,198
1673758737,Dispatch_MapTask,2,201
1673758737,Dispatch_MapTask,2,202
1673758737,Dispatch_MapTask,2,203
1673758737,Dispatch_MapTask,2,204
1673758737,Dispatch_MapTask,2,205
1673758737,Dispatch_MapTask,2,208
1673758737,Dispatch_MapTask,2,211
1673758737,Dispatch_MapTask,2,212
1673758737,Dispatch_MapTask,2,214
1673758737,Dispatch_MapTask,2,217
1673758737,Dispatch_MapTask,2,223
1673758737,Dispatch_MapTask,2,228
1673758737,Dispatch_MapTask,2,231
1673758737,Dispatch_MapTask,2,235
1673758737,Dispatch_MapTask,2,237
1673758737,Dispatch_MapTask,2,238
1673758737,Dispatch_MapTask,2,244
1673758737,Dispatch_MapTask,2,247
1673758737,Complete_MapTask,2,0.426758
1673758738,Complete_MapTask,0,1.26463
1673758738,Complete_MapTask,1,1.31573
1673758738,Start_Shuffle,489820
1673758739,Finish_Shuffle,0
1673758739,Dispatch_ReduceTask,2,0
1673758739,Dispatch_ReduceTask,0,1
1673758739,Dispatch_ReduceTask,1,2
1673758739,Dispatch_ReduceTask,1,3
1673758739,Dispatch_ReduceTask,2,4
1673758739,Dispatch_ReduceTask,0,5
1673758739,Dispatch_ReduceTask,1,6
1673758739,Dispatch_ReduceTask,1,7
1673758739,Dispatch_ReduceTask,2,8
1673758739,Complete_ReduceTask,0,0
1673758739,Complete_ReduceTask,1,0
1673758739,Complete_ReduceTask,2,0
1673758739,Finish_Job,2.68898
