abelmoschus 116
ablastemic 140
absit 108
acne 129
acromiodeltoid 121
acylamido 144
additament 136
adulteration 140
aesculapian 122
aged 122
agitatedly 114
akin 129
alabandite 132
albugo 112
amatorially 110
amynodon 116
anacreon 120
anenst 126
aneuric 124
angletwitch 111
annulated 138
antheridium 122
anthozoic 127
anthracotheriidae 138
anthragallol 124
antiketogen 150
aphanomyces 128
aphthongal 123
apneumatic 123
apothegmatically 126
appledrane 127
aquilegia 128
araneoidea 95
arthrophlogosis 109
asthma 122
atonement 134
aulete 128
autocephalous 126
avicularia 127
awrong 132
bahisti 116
bakula 133
barmkin 111
baryphonia 126
basifugal 131
baxterian 121
bazzite 246
bejuggle 134
bellowsman 111
bellyman 113
benzidino 147
benzopyranyl 128
berkeleyite 108
beylic 127
binately 137
binominous 134
biuret 134
blackleggery 127
bombardment 123
borough 116
bourgeoise 131
bradyseismism 114
bragging 146
brawlsome 101
brotherly 118
bumicky 111
bunga 106
buoyance 144
butler 142
cacanthrax 122
caissoned 124
calamiform 153
candelabrum 120
caper 133
carabao 125
cassonade 122
causativity 118
ceremonial 132
cerulean 106
cervicolumbar 132
chagrin 134
chamaesiphonaceae 120
cherry 117
chillingly 135
chiropterygious 111
chlorophylligenous 128
choleroid 128
chondrodystrophy 110
chorister 120
chromule 124
chronographic 146
chylomicron 137
citharexylum 134
cityfolk 146
clavicorn 223
clinty 138
clown 136
coagulase 131
cock 128
coffee 128
cogency 125
cohesion 147
colback 130
concupy 127
concutient 103
conferva 106
conflated 118
consubstantiation 274
conversibility 117
copperytailed 127
coprophagia 122
copyism 128
corkage 126
corruptress 125
cotoxo 127
crematory 126
cristispira 118
cubonavicular 139
culbut 121
cussedly 121
cyesiology 130
dactyliography 124
dalton 120
dearticulation 135
debunk 124
degenerescent 126
derotremate 126
despairer 123
detrain 131
disembattle 125
disemployment 127
dismally 113
displant 156
dissemblance 145
distinctiveness 131
dixenite 109
dobbed 123
dormancy 121
dygogram 124
dysergia 117
ecumenicity 130
epidermophyton 122
epimysium 158
equalness 118
equivorous 136
erasure 117
escruage 118
evangelistarion 123
evocatory 122
exegete 115
exogenic 111
expresser 128
extraoral 115
extrasacerdotal 145
extumescence 102
eyedrop 133
fancywork 137
fangot 109
fibronucleated 113
fip 128
flavorful 126
flax 125
florideous 126
forest 117
fram 115
frostily 126
galvanometric 144
galvanosurgery 140
gastrophilite 134
geotic 121
geyan 128
ghostliness 120
git 146
gnathobdellida 132
goanese 117
godful 128
gorgeted 132
grewia 112
guapilla 128
gubernacula 113
gubernative 130
guernseyed 137
gulanganes 126
gumma 117
gurl 127
gymnolaematous 122
hagiographist 140
halogenous 135
headworker 110
heehaw 119
hematocyturia 137
hertz 134
heterodyne 119
hexoctahedral 119
highlandry 127
homoeomerian 111
hornwork 142
humorific 133
hurr 116
hydrophyton 145
hypoadrenia 118
hypostrophe 123
hysteresis 121
inadjustability 136
incorrodable 134
incriminator 134
indamine 112
indiscreet 139
inobtrusive 138
inoculative 124
insolvency 117
intercrop 117
intransigent 111
introducer 114
iranic 117
irremediableness 142
isodiametric 117
itonama 125
itys 141
j 114
jolly 131
jove 123
ju 142
jug 119
ketimide 126
kiss 122
kleeneboc 141
kumyk 122
lagostoma 108
laicization 124
lapsi 108
leaguelong 117
leisureless 125
lenticle 131
lete 99
lillibullero 108
linter 119
ludibry 122
lwo 130
magadize 129
mayoruna 116
melanian 125
merulioid 127
mesocephalic 130
message 123
messapian 110
metabismuthic 136
metapolitician 126
metastability 116
mete 124
methanate 144
mication 125
microfarad 126
microgravimetric 113
micronutrient 132
microphakia 263
mid 117
misplease 125
mucorrhea 121
myoneurosis 129
myopathia 147
myope 118
myriare 125
naturistically 137
navaho 118
nazify 127
nephrohypertrophy 121
neuma 123
neurectomic 120
nonargentiferous 130
nondeportation 135
nondoing 140
noneclipsing 120
nonfrauder 117
nongrass 114
nonprofane 112
nonrational 146
nonvisualized 124
nullable 133
nutate 127
obliging 119
oldwife 126
onagra 113
ory 130
ostial 137
outpouring 149
ova 127
overawn 145
overmeek 108
oxhouse 131
pacificate 126
paganalia 133
paik 128
paleoanthropologist 129
palp 122
pantaloon 108
pantamorphic 133
paralitical 111
paralogician 133
parochialist 240
partnership 133
pasan 149
patripassianist 117
pederastically 133
perihepatitis 124
peritropous 119
perpetualist 130
perrier 108
petasos 127
petiolata 133
pharmacognosy 120
photochromolithograph 139
photostereograph 113
pilcorn 120
piliferous 128
pilot 125
pipper 118
platycephaloid 130
pleustonic 125
plumicorn 130
pneumatically 141
podalic 127
pokerishly 131
polymastodont 133
polytonic 130
pomological 121
ponderment 141
pourpiece 116
preglenoid 108
premedicate 101
premieress 100
preparental 131
prostomial 135
protanopia 137
protargentum 133
protetrarch 138
pussyfootism 123
putrefaction 143
pyrheliophor 121
pyrrhonistic 138
pythagorist 134
quadriplicate 128
quinquennially 134
rancidness 128
reactional 132
receipt 114
reclinable 143
reedbird 129
reliant 127
reovercharge 112
reserve 124
retrocopulant 133
revalorization 110
revelationize 117
revengingly 132
rigescence 113
romero 132
romney 153
royal 109
royally 144
rustlingly 117
sarigue 108
satanicalness 127
savant 136
scaling 125
scalpellus 122
scarabaeid 137
scintillometer 131
scleranth 123
scolopacidae 128
semimucous 114
semiotic 127
serer 130
shela 116
shrubby 127
silicotalcose 118
simultaneous 139
skirmishing 117
skittles 133
slapjack 136
smyrniot 120
snithy 123
soka 144
sorediform 130
sorter 116
spinescent 131
spinthariscope 143
stampweed 126
staroobriadtsi 145
steadiment 115
stereotypery 131
stilettolike 116
stoupful 140
streaminess 132
stria 121
strikebreaker 127
stupose 112
subcrest 111
submolecule 126
succourless 136
suffused 123
sulphocyanide 110
superdemonstration 108
supergratify 114
suppliancy 121
suprachorioid 121
supraspinal 142
swainish 108
syntypic 152
tahsil 120
tail 121
taillie 111
tamacoare 117
taskless 106
tasksetter 111
teacupful 118
technics 130
teething 129
telltalely 127
theatrocracy 124
theb 138
thereon 128
thirlage 115
thirstland 124
thrawneen 129
tilelike 125
timekeepership 123
tingler 118
tocodynamometer 129
tongueman 125
tonto 102
topwise 134
tost 133
trailside 114
transect 129
triacontaeterid 135
trickish 144
trimoric 121
tripetalous 123
trityl 135
trivially 145
tuberation 133
tupelo 125
turkology 113
turtlebloom 135
tutelo 133
twa 104
tympanum 109
umbelliflorous 124
unaffected 136
unamiably 136
unaverred 135
underbearing 122
underhum 107
underpropping 115
undiscordant 142
undispellable 120
undurably 143
unfacilitated 128
unfallenness 126
ungerminated 133
unguidably 134
unhorny 142
uninclusiveness 121
unison 127
unlawfully 126
unmeriting 131
unmetric 118
unmotherly 226
unmovableness 123
unpavilioned 129
unplayful 138
unprescribed 141
unricht 125
unripping 143
unsalability 118
unsightable 112
unsmiling 146
unspeculatively 105
unvertical 132
unwillfulness 248
unwomb 127
upstick 110
uranometria 128
urnal 112
usitative 132
uveous 113
vaccina 133
valvelike 135
vascons 128
vaticanist 128
vauxhall 158
vetivert 115
victrix 121
vitreodentinal 134
voicelessly 128
walleye 136
warrior 136
wary 131
waterbrain 109
watsonia 134
wearisomely 123
wheedlingly 128
whoremastery 123
wincing 113
winer 120
wokas 127
xanthocarpous 127
xerophagy 134
ym 115
yttric 108
zanzibari 147
ziamet 116
zooperal 123
