abrico 137
accouter 138
acetylrosaniline 138
acinetic 154
additionary 129
adhesional 116
adiathermancy 119
adradially 113
aecial 126
aging 132
aguish 131
ajoint 127
alluviation 110
am 148
amazingly 104
ambaree 140
amidin 121
amphierotic 108
ampliative 132
amsterdamer 123
anaerobe 134
androdioecism 132
anglicization 110
angriness 118
anobiidae 141
antecedental 129
antemarital 147
anthrachrysone 130
anthropomorphotheist 137
antifelony 120
antihormone 120
antonomastically 119
apterygotous 111
arbalestrier 126
arctogaean 118
arecolidin 131
aroint 127
artlessly 119
asearch 117
asthenopia 114
athyridae 133
atomechanics 144
atony 143
avalvular 117
aviculture 115
axion 127
backstring 128
bacula 96
banquette 125
bantoid 119
bavin 123
beclown 113
beglide 139
bellowslike 127
bergut 137
beroidae 104
bikh 133
bontequagga 120
boronia 131
bottoming 115
bromacetate 143
brot 125
bulla 99
buna 123
bungfull 122
burgh 140
burmese 136
cain 108
campfire 133
capric 126
carthusian 110
cassidinae 129
cassock 133
castor 115
cauldrifeness 110
chalcophanite 113
characterizable 123
charcutier 126
chatellany 111
chondroalbuminoid 122
chopping 136
chromatogenous 124
chrysorin 116
citrus 114
clerestory 138
coalitioner 123
coconsecrator 141
coemptional 117
cogitability 131
colletes 123
colonate 131
combfish 118
complacency 115
conchitic 121
confined 110
consocies 118
contractionist 120
controversialism 124
cornbrash 143
counterstand 119
cowy 112
coze 146
credo 131
cryptobranchus 121
cubbyhole 94
cylindrarthrosis 123
dagmar 137
darksome 114
dayabhaga 129
deadheartedness 123
debauchee 119
deguelia 137
delicious 124
dentinoma 128
depasture 139
dhow 135
diacoele 104
dimensional 125
dioscorein 118
diphenylquinomethane 116
dipotassic 130
disfiguration 136
dislocator 120
dispersonify 138
distensible 130
distortion 120
disulfuric 125
diversifoliate 115
dizzard 130
domineeringly 123
dramatizer 126
drawhead 127
driller 135
dyakisdodecahedron 147
dyscrasite 128
elapid 140
eleaticism 117
emim 135
endemiological 116
endocyst 135
entwinement 129
epicarp 114
epicycle 123
epiploic 126
erosible 152
ethereality 126
eurythmical 130
eutaxite 130
euthanasy 138
excavatorial 133
excessiveness 152
exculpate 136
exognathite 127
expender 137
expositively 135
fairlike 114
fantasque 127
fear 148
fictioner 131
fiefdom 122
foddering 126
frank 103
gamaliel 117
gastroblennorrhea 126
gaullist 114
gauntness 127
gaunty 117
gavial 102
geopolitik 111
gestant 120
gherkin 125
girding 106
glint 129
glitterance 116
glossophorous 121
glucosid 129
gonfaloniership 136
governmentalism 125
graveling 134
greenth 120
gretchen 117
grissons 147
guaco 110
guildship 133
gurian 123
gut 111
hallmark 130
harebur 132
harmonia 128
hatch 95
hazardousness 129
herbage 119
hercynite 136
holosomatous 117
holyokeite 126
hunyak 122
hurtful 96
hydrobomb 113
hydrorrhachis 109
hyperingenuity 128
hypermorph 116
hypnosis 235
hypokoristikon 124
iconotype 130
identism 123
idrisite 121
immission 106
inaptly 115
inconsecutiveness 138
inequation 138
inguinocutaneous 137
inkish 129
insessores 125
intercerebral 151
intercommuner 127
intercomparable 109
interlope 271
interthing 124
intertwinement 97
interword 137
intrametropolitan 133
intrascrotal 119
introreception 121
introvert 127
ipsilateral 121
irascibly 110
irresolution 124
isotac 120
issuer 133
japonicize 110
kukoline 126
lammas 129
lapwork 132
leaded 126
leadenheartedness 135
liberatress 135
lithoclast 135
liveried 121
lof 117
longingness 135
luxe 115
lyctidae 126
magadis 125
magnetoid 145
magnipotent 135
maidenship 98
maltiness 120
maraud 113
matricular 132
mayhappen 239
measure 107
meditativeness 127
medullispinal 116
megrel 139
melodia 132
meningorrhagia 121
mephitic 112
mesoplastic 139
metaleptic 109
metalorganic 104
miasmatology 139
microlepidopterist 122
microorganic 132
micropore 124
misspelling 120
mistrustingly 135
moggy 126
mollifyingly 119
monopodous 125
monumentless 121
moqui 123
mover 127
muckerish 123
multifurcate 130
multituberculated 129
munitionary 113
muradiyah 125
muscling 132
myrmotherine 124
neighborliness 109
nemertea 112
neutrologistic 129
nicking 128
nondeceptive 88
nonirritating 129
nonserviential 116
obscene 129
ocellated 129
ocellicyst 117
oinology 104
opegrapha 124
orcein 128
organonomic 136
outfighting 111
outslander 135
overeaten 150
overfatigue 133
overfrequently 109
overrent 100
oversuperstitious 116
overthrust 131
overtight 115
overventuresome 141
ovibovine 127
owing 107
oxaluramid 116
oxydendrum 103
pabulary 133
parareka 121
parentality 129
pathogenesis 134
pattener 128
pellagragenic 119
pennate 156
pentstemon 124
perfectionizer 125
peridot 143
periencephalitis 143
periungual 133
perspectived 120
phillis 126
phlebostasis 121
phonodeik 145
phytolithological 127
piegan 122
platinite 116
plecopterid 129
plectrum 96
pleuracanthea 115
pluperfect 121
plurality 131
pneumatocystic 119
polyporous 124
postacetabular 128
postdicrotic 133
powdry 136
praesian 128
prebrachial 138
precirculate 108
precommissure 114
predestination 132
prejudicedly 133
preoverthrow 129
pretechnically 130
princecraft 110
proaction 149
programmar 120
promethea 118
prosectorium 144
prothalline 118
provencial 109
pryse 106
psalterium 133
pseudoisatin 129
psychorhythm 107
pupulo 113
pushmobile 122
pycnodonti 134
pyridone 123
quadriennial 133
quibblingly 131
quindecylic 135
ragsorter 126
railroadish 124
rechange 142
recharge 152
reel 128
reflog 121
rekindlement 128
reorganizer 119
reorientation 102
replace 117
rizzom 101
rufigallic 141
sablefish 121
salience 126
sarcocystis 114
savoringly 103
scaffie 119
scallola 114
schapbachite 126
schistoglossia 120
schweizerkase 135
scoury 115
screechingly 135
secretiveness 120
selenium 137
semicolonial 143
semiconvergent 126
semicoronate 119
semipanic 146
septet 124
shucking 123
similar 124
sinisian 133
sinkhole 117
sinupallialia 122
slavocrat 95
smellable 132
snaw 114
snow 131
sovkhose 123
spaceband 152
spencer 130
spermocarp 111
spig 132
spilite 126
splachnaceae 124
splenatrophy 111
splinterd 126
spongicolous 106
spookdom 124
springhead 142
sputumose 113
staio 131
stambha 118
starrily 117
steedlike 115
stereoplanigraph 114
stooded 131
stragular 120
subsidiarily 118
substitutive 124
subtly 144
sunderer 122
supereminency 130
superobjectionable 109
surfacy 117
surmountal 122
swarbie 105
syllogistic 115
sylviinae 136
syncretion 141
tabulary 134
talkability 106
tartarous 124
teleostome 122
tellinoid 116
tenantry 111
tertius 134
thalassographical 131
thanatophoby 118
thave 126
theanthropos 112
theophania 132
thermometamorphism 112
thiouracil 134
thoracobronchotomy 114
tidytips 135
tinglingly 123
tonight 130
tonsillectome 111
toothing 108
torney 141
torrentuous 113
tremorless 128
triconodonty 131
trisubstituted 132
trustwoman 129
tubulet 133
tunefully 129
turkologist 121
ultracrepidarianism 105
unadaptive 137
unappropriate 125
unascended 112
unbewitched 109
unbowel 134
unburlesqued 114
unclerical 107
unclerklike 120
uncoachable 127
underliner 108
undersatisfaction 128
undertitle 136
undespondent 121
undetectable 120
undisguised 127
undogmatical 113
unharried 152
unhelm 123
unhooper 118
uninfluencive 130
unperishably 124
unprincipledly 135
unreadability 126
unruffle 123
unseptated 112
unspectacled 145
unstrictured 131
untimorous 145
upeygan 124
urethremphraxis 128
urnflower 120
ustilaginaceae 121
utriculiform 130
vacuuma 144
vaginoplasty 99
vantbrace 120
variableness 129
veratroidine 122
veridic 119
verrucariaceae 132
versifier 152
vertumnus 126
vigorless 145
vivification 128
want 137
wayfarer 137
whillilew 126
whisperingness 97
winsomely 118
workyard 121
wormweed 128
wrocht 133
xanthate 129
xerophthalmia 134
xi 118
yarpha 114
yezdi 126
yieldy 105
yor 136
zooplankton 127
