ab 122
abeyancy 126
abominableness 122
absenteeship 129
academus 128
acinary 131
actinozoa 116
aeroneurosis 132
affirm 117
afford 139
afrown 115
aftercome 126
albertite 160
aleurone 131
allelotropic 139
alley 128
alvan 127
aminocaproic 135
anaphalantiasis 134
animistic 127
aniselike 128
anorthitic 134
antennular 110
anthroposophical 108
antidraft 116
antiorgastic 142
antipolar 110
antitrades 110
anubis 109
apojove 130
apprehensiveness 114
appropinquity 123
apterygote 142
archangelic 118
archeress 241
ariel 126
aristolochine 113
arithmomania 132
artiodactylous 115
aspersion 122
azoch 127
bacopa 129
bacteriofluorescin 107
badenite 138
bassist 127
battologist 135
begrutch 126
beladle 104
beleaguerment 125
benzedrine 116
bestarve 267
bioecology 126
bitterbush 111
bonny 152
boredom 129
boxful 136
boxkeeper 118
branchiosaur 129
brazera 119
bregma 147
bromcresol 121
brushball 136
buffont 122
bushelful 123
buttyman 127
calyptrata 119
cameloid 134
canape 125
caped 126
carbonigenous 135
carcinoscorpius 106
caseweed 124
celeste 113
centropomidae 127
cerer 126
chaetangiaceae 141
chastiser 118
chatelain 143
chiefest 134
chikara 111
chillumchee 118
chlordane 129
chylificatory 130
ciconiiformes 120
clarisse 119
coenocyte 123
coenogamete 118
colonizability 141
columniferous 110
commatic 115
competition 107
complementally 118
confessionalian 142
confessorship 119
conine 109
contagiosity 149
contragredience 103
conusee 125
cormidium 101
coupled 149
coxofemoral 135
crapulous 144
criminalistic 123
crosslegs 260
crouching 112
cyanamide 109
cyanose 110
cyanuret 120
cyclanthaceae 144
cyclotome 97
cynoxylon 126
cypseline 114
cytoryctes 124
dactyliographic 117
damned 109
dandiacally 101
darkener 132
debamboozle 115
dehydrofreezing 121
demissory 130
departed 113
derbylite 126
desert 118
desipient 103
desperate 120
dextro 126
dichocarpous 140
dihydroxytoluene 134
diluvianism 120
diploconical 123
dipped 116
disfurnishment 118
disvertebrate 124
dogmatization 131
doublegear 133
drilling 151
dropout 126
duadic 125
duddies 135
dunnock 131
easement 135
elain 144
endocoele 121
enfeoff 127
entorganism 106
epidymides 135
epimer 147
epulo 118
erne 119
eulogize 134
eumeromorph 113
euryalida 141
evelong 113
exposedness 149
fantail 114
farrow 134
feministic 131
ferryway 124
feverfew 128
figuresome 129
fishbolt 137
flavory 100
fledgling 139
floggingly 112
flowerpot 116
folioliferous 139
foreground 129
foveolarious 128
fraiser 124
frithbot 126
fruitiness 129
fruitwise 108
fulguration 129
galeproof 113
gamekeeping 116
gametocyte 122
ganza 126
gasterophilus 119
gay 103
gelatinous 117
genethlialogy 116
germander 126
germane 136
glandulosity 119
glider 126
globulinuria 119
gluttony 130
gobmouthed 132
goburra 120
graffer 128
graveward 131
greaselessness 113
ground 124
guarani 130
hardheadedness 136
hecatomb 129
heliology 142
hepatization 103
heteroplasia 136
histological 136
holochoanitic 121
holour 123
homocentrical 112
homogeneize 116
hookman 131
hug 114
hypnoanalysis 150
hystricidae 122
iberite 114
ichu 135
ignobleness 110
illiberalism 126
illusor 130
ilvaite 129
imaginative 135
immeasurableness 131
impellent 108
impound 107
indicible 132
ineffervescibility 137
infeudation 120
infold 117
injudicial 132
interaffiliation 134
interceder 128
interlocutive 119
internodular 127
interstimulate 133
iotacist 123
irreciprocity 260
isomagnetic 105
ithacan 142
jactant 134
jarl 152
jebusite 123
juncaceae 128
karakul 107
kastura 125
keenly 112
kingbolt 118
kiowa 122
kite 130
knitweed 128
kodak 128
kotukutuku 111
kwamme 123
laccolitic 152
lamboys 126
landside 124
laniflorous 124
latexosis 126
laudability 137
levier 131
lexiconist 119
light 136
lithochromography 119
lobectomy 143
locoweed 136
log 118
longcloth 106
longsome 124
lophophore 124
lordlily 135
luke 137
lurkingness 108
malayize 115
mameluke 126
manso 130
melilot 112
melitriose 118
ment 116
merorganization 129
metaphorically 132
methylanthracene 135
mezzograph 128
microcinema 135
milliamp 142
millioctave 113
miltos 127
milvus 107
misallowance 124
momo 127
monilioid 119
monocracy 115
mosquito 115
motoneuron 118
mulctation 110
mussulmanic 111
mussurana 111
mystifically 116
myxococcus 141
nasoprognathic 140
necessity 144
nervosism 123
nightward 114
nod 128
nonbathing 127
nonbearing 132
nonelectrized 114
nonindividualistic 133
nonsyllogizing 125
nonthematic 129
norbergite 118
nosebleed 139
notarikon 115
nothingarian 121
nourishable 129
nucleation 131
nudist 125
nystagmus 135
oarlock 122
obesely 125
obscurantist 114
obtruncator 138
ochlesis 127
ocneria 128
oculofrontal 133
oligomerous 121
opportunist 104
opthalmothermometer 110
organotropism 118
oscillatoriaceous 122
oscillometry 145
osseomucoid 150
outtop 150
overactivity 130
overbuild 118
overchief 117
overcompound 113
overgross 121
overmark 110
overscrub 118
overwell 110
oxbird 128
oxfordism 143
oxidizement 109
padina 111
padraic 122
palatable 109
paleobiogeography 129
paleostriatum 144
palmesthesia 148
palmyrenian 118
pantopterous 115
paracolitis 112
paradiazine 112
parallelistic 140
paraphrasis 148
parthenope 104
pedantry 132
pekoe 115
pensileness 127
percolative 116
periarthric 97
perioecic 130
personnel 123
petrolization 116
pharmacopoeia 111
philander 137
phoridae 131
phosphuret 118
picnic 118
piezoelectric 133
pilgarlicky 147
pioxe 132
pistacite 146
pitheciine 120
pityriasic 136
plagiocephalism 152
plagiochila 119
plainness 140
planicipital 120
plater 126
platyglossate 128
playcraftsman 126
playerdom 139
plicate 119
podite 112
poesis 133
polytheism 120
potentially 99
poteye 111
preaccredit 128
preadult 137
preharmony 131
preinvent 132
premaker 137
prenanthes 116
preradio 129
prerefuse 144
presynapsis 131
pretyphoid 118
proappropriation 134
proapproval 110
procidentia 134
proembryo 139
proglottic 141
protopatrician 123
protozoon 139
protragie 106
psilophyton 140
puniness 125
pyramidwise 117
pyroarsenic 114
quagginess 125
quinova 130
racking 112
ratheripe 112
rebuy 138
recount 124
redactorial 119
refectorian 119
reinvent 137
releap 115
remembrancership 127
resinovitreous 134
responder 111
responsible 131
retreatingness 100
retwist 118
rhymeless 123
rhymemaking 107
ringlike 121
roomed 131
roperipe 125
rottenness 135
sack 121
sailable 132
sanpoil 129
saprophagan 135
satiableness 116
satinleaf 116
saturninity 120
scintillantly 119
sclerocorneal 148
sedged 122
selfcide 115
semiengaged 138
semispeculation 125
semitendinous 133
sentence 100
septulate 149
sequently 117
sextipolar 129
shallu 140
shellapple 133
silkworm 118
sinecural 122
sleevelessness 118
sluggard 118
smatter 120
snithe 110
snobdom 144
socii 116
solifluctional 269
soph 131
spasmodicalness 120
spatangida 121
spectroscopist 132
sphenofrontal 121
spiritally 105
spitter 129
splanchnesthesia 149
spongilline 119
squareflipper 117
stactometer 114
starchflower 127
staving 129
stenocephalous 131
stintless 122
stippler 129
stoutwood 135
stower 118
stringless 126
sturtin 124
sublimish 118
suboesophageal 119
subsecretarial 129
successlessly 141
suffusion 124
sulciform 115
sulphoarsenic 145
sultriness 111
superhumanize 113
supertutelary 128
supplial 104
suppresser 139
supracommissure 98
surrealist 124
surturbrand 124
sweetling 120
syllogistically 127
sylva 99
synapsidan 102
talipomanus 129
tapist 136
taramellite 138
tartarish 139
taxiarch 114
technicalize 116
teleutospore 131
ternary 108
terrorful 118
teutonesque 105
thalposis 140
thanatographer 114
thankfulness 103
thecasporal 101
theologicoastronomical 117
thyrotoxicosis 118
tigress 123
tingletangle 129
titfish 117
toolhead 117
totemic 137
toughness 124
towned 119
trabeculated 128
transappalachian 131
trapiferous 113
trashless 111
trophobiotic 123
twink 115
ultimogeniture 123
ultraoptimistic 129
unaptness 114
unarticulate 130
unconverted 137
undercloak 130
undermade 99
undeviatingly 128
undivertibly 113
undivinely 353
undomestic 111
uneliminated 105
unfrizzy 135
unfurrowable 132
ungelded 107
unhooted 129
unimprovedly 124
uninhabitableness 131
uninspiringly 125
uniradical 127
unitarianize 125
unlikable 123
unoecumenical 136
unpersevering 116
unpreservable 110
unrecountable 116
unsanguinary 121
unsmokeable 132
unsoldierlike 126
untell 121
untractable 120
untradeable 127
untruck 117
unwarily 124
urethritic 129
utopistic 127
uzan 99
vaccinate 119
vaccinella 109
valleyful 116
vendicate 115
veneridae 140
ventromedian 112
vigorousness 119
vilifier 132
viruscidal 116
vishnu 116
vitreous 116
vitrescibility 130
warlikeness 128
warnt 121
wearing 123
welt 121
whimstone 120
wickerby 108
wisecrackery 120
wondercraft 123
wondrousness 127
wots 117
xanthocyanopsy 124
yamstchik 121
yohimbi 134
zabtie 120
